// Jest Snapshot v1, https://goo.gl/fbAQLP

exports[`matches snapshot 1`] = `
<DocumentFragment>
  <header
    class="header"
  >
    <div
      class="logo-box"
    >
      <img
        alt="Logo"
        class="logo"
        src="logo-white.png"
      />
    </div>
    <div
      class="text-box"
    >
      <h1
        class="heading-primary"
      >
        <span
          class="heading-primary-main"
          data-testid="header-primary-text"
        >
          Header Primary Text
        </span>
        <span
          class="heading-primary-sub"
          data-testid="header-sub-text"
        >
          Header Sub Text
        </span>
      </h1>
      <a
        class="btn btn-white"
        href="#"
      >
        <span
          data-testid="button-text"
        >
          Header Button Text
        </span>
      </a>
    </div>
  </header>
</DocumentFragment>
`;
